// Jest Snapshot v1, https://goo.gl/fbAQLP

exports[`defaults 1`] = `
Array [
  ".gitignore",
  "LICENSE",
  "README.md",
  "package.json",
  "public/favicon.ico",
  "public/index.html",
  "public/logo192.png",
  "public/logo512.png",
  "public/manifest.json",
  "public/robots.txt",
  "src/App.css",
  "src/App.js",
  "src/App.test.js",
  "src/index.css",
  "src/index.js",
  "src/logo.svg",
  "src/reportWebVitals.js",
  "src/setupTests.js",
  "yarn.lock",
]
`;
